// Jest Snapshot v1, https://goo.gl/fbAQLP

exports[`renders correctly Gameboard component 1`] = `
<RCTScrollView
  data={Array []}
  getItem={[Function]}
  getItemCount={[Function]}
  keyExtractor={[Function]}
  onContentSizeChange={[Function]}
  onLayout={[Function]}
  onMomentumScrollBegin={[Function]}
  onMomentumScrollEnd={[Function]}
  onScroll={[Function]}
  onScrollBeginDrag={[Function]}
  onScrollEndDrag={[Function]}
  removeClippedSubviews={true}
  renderItem={[Function]}
  scrollEventThrottle={50}
  stickyHeaderIndices={Array []}
  style={
    Object {
      "margin": 15,
    }
  }
  viewabilityConfigCallbackPairs={Array []}
>
  <View />
</RCTScrollView>
`;

exports[`renders correctly Header component 1`] = `
<View
  style={
    Object {
      "alignItems": "center",
      "flexDirection": "row",
      "justifyContent": "space-between",
      "margin": 15,
    }
  }
>
  <View
    accessibilityRole="button"
    accessible={true}
    collapsable={false}
    focusable={false}
    onClick={[Function]}
    onResponderGrant={[Function]}
    onResponderMove={[Function]}
    onResponderRelease={[Function]}
    onResponderTerminate={[Function]}
    onResponderTerminationRequest={[Function]}
    onStartShouldSetResponder={[Function]}
    style={
      Object {
        "opacity": 1,
      }
    }
  >
    <View
      style={
        Array [
          Object {},
        ]
      }
    >
      <Text
        style={
          Array [
            Object {
              "color": "#007AFF",
              "fontSize": 18,
              "margin": 8,
              "textAlign": "center",
            },
          ]
        }
      >
        Restart
      </Text>
    </View>
  </View>
  <Text
    style={
      Object {
        "fontSize": 20,
        "textAlignVertical": "center",
      }
    }
  >
    STEPS:
    <Text
      style={
        Object {
          "color": "skyblue",
          "fontSize": 25,
          "fontWeight": "bold",
          "textAlignVertical": "center",
        }
      }
    >
       
      0
    </Text>
  </Text>
</View>
`;

exports[`renders correctly Pop up component 1`] = `null`;
